// Jest Snapshot v1, https://goo.gl/fbAQLP

exports[`Category Card renders Category Card 1`] = `
<div
  style={
    Object {
      "cursor": "pointer",
      "flexGrow": 1,
    }
  }
>
  <div
    className="MuiPaper-root-2 MuiPaper-elevation1-5 MuiPaper-rounded-3 MuiCard-root-1"
    id="category-technology"
    onClick={[Function]}
    style={
      Object {
        "boxShadow": "0px 0.25px 0.35px 0.35px rgba(0, 0, 0, 0.1)",
        "maxWidth": 300,
      }
    }
  >
    <div
      className="MuiCardMedia-root-29"
      src={undefined}
      style={
        Object {
          "height": 0,
          "paddingTop": "56.25%",
        }
      }
    />
    <div
      className="MuiCardContent-root-31"
    >
      <h2
        className="MuiTypography-root-32 MuiTypography-title-38"
      >
        Technology
      </h2>
    </div>
  </div>
</div>
`;
