// Jest Snapshot v1, https://goo.gl/fbAQLP

exports[`Forgot Password Form renders Forgot Password Form 1`] = `
<div>
  <form
    onSubmit={[Function]}
  >
    <div
      className="MuiDialogTitle-root-1"
    >
      <h2
        className="MuiTypography-root-2 MuiTypography-title-8"
      >
        Forgot Password
      </h2>
    </div>
    <div
      className="MuiDialogContent-root-27"
    >
      <p
        className="MuiTypography-root-2 MuiTypography-subheading-9 MuiDialogContentText-root-28"
        style={
          Object {
            "marginBottom": 8,
          }
        }
      >
        Put your email here, we will send a confirmation to reset your password
      </p>
      <div
        aria-describedby={undefined}
        className="MuiFormControl-root-29 MuiFormControl-marginDense-31 MuiFormControl-fullWidth-32"
        style={
          Object {
            "marginBottom": 8,
          }
        }
      >
        <label
          className="MuiFormLabel-root-38 MuiInputLabel-root-33 MuiInputLabel-formControl-34 MuiInputLabel-animated-37 MuiInputLabel-marginDense-35"
          data-shrink={false}
          htmlFor={undefined}
        >
          Email Address
        </label>
        <div
          className="MuiInput-root-45 MuiInput-fullWidth-52 MuiInput-formControl-46 MuiInput-underline-49"
        >
          <input
            aria-invalid={false}
            autoComplete={undefined}
            autoFocus={undefined}
            className="MuiInput-input-53 MuiInput-inputType-56 MuiInput-inputMarginDense-54"
            defaultValue={undefined}
            disabled={false}
            id={undefined}
            name="forgotPasswordEmail"
            onBlur={[Function]}
            onChange={[Function]}
            onFocus={[Function]}
            onKeyDown={undefined}
            onKeyUp={undefined}
            placeholder={undefined}
            readOnly={undefined}
            required={false}
            rows={undefined}
            type="email"
            value=""
          />
        </div>
        <p
          className="MuiFormHelperText-root-58 MuiFormHelperText-marginDense-61"
          id={undefined}
        >
           
        </p>
      </div>
      <p
        className="MuiTypography-root-2 MuiTypography-subheading-9 MuiDialogContentText-root-28"
        style={
          Object {
            "marginTop": 8,
          }
        }
      >
        <span
          onClick={[MockFunction]}
          style={
            Object {
              "color": "#03a87c",
              "cursor": "pointer",
            }
          }
        >
          Back to login
        </span>
      </p>
    </div>
    <div
      className="MuiDialogActions-root-65"
    >
      <button
        className="MuiButtonBase-root-93 MuiButton-root-67 MuiButton-text-69 MuiButton-textPrimary-70 MuiButton-flat-72 MuiButton-flatPrimary-73 MuiDialogActions-action-66"
        disabled={false}
        onBlur={[Function]}
        onClick={[MockFunction]}
        onFocus={[Function]}
        onKeyDown={[Function]}
        onKeyUp={[Function]}
        onMouseDown={[Function]}
        onMouseLeave={[Function]}
        onMouseUp={[Function]}
        onTouchEnd={[Function]}
        onTouchMove={[Function]}
        onTouchStart={[Function]}
        tabIndex="0"
        type="button"
      >
        <span
          className="MuiButton-label-68"
        >
          Cancel
        </span>
        <span
          className="MuiTouchRipple-root-96"
        />
      </button>
      <button
        className="MuiButtonBase-root-93 MuiButtonBase-disabled-94 MuiButton-root-67 MuiButton-text-69 MuiButton-textPrimary-70 MuiButton-flat-72 MuiButton-flatPrimary-73 MuiButton-disabled-87 MuiDialogActions-action-66"
        disabled={true}
        onBlur={[Function]}
        onClick={[Function]}
        onFocus={[Function]}
        onKeyDown={[Function]}
        onKeyUp={[Function]}
        onMouseDown={[Function]}
        onMouseLeave={[Function]}
        onMouseUp={[Function]}
        onTouchEnd={[Function]}
        onTouchMove={[Function]}
        onTouchStart={[Function]}
        tabIndex="-1"
        type="submit"
      >
        <span
          className="MuiButton-label-68"
        >
          Submit
        </span>
      </button>
    </div>
  </form>
</div>
`;
