// Jest Snapshot v1, https://goo.gl/fbAQLP

exports[`Register Form renders Register Form 1`] = `
<div
  className=""
>
  <form
    onSubmit={[Function]}
  >
    <div
      className="MuiDialogTitle-root-98"
    >
      <h2
        className="MuiTypography-root-99 MuiTypography-title-105"
      >
        Register
      </h2>
    </div>
    <div
      className="MuiDialogContent-root-124"
    >
      <p
        className="MuiTypography-root-99 MuiTypography-subheading-106 MuiDialogContentText-root-125"
        style={
          Object {
            "marginBottom": 8,
          }
        }
      >
        Register to access your personalized homepage. Please enter your email address and password.
      </p>
      <div
        aria-describedby={undefined}
        className="MuiFormControl-root-126 MuiFormControl-marginDense-128 MuiFormControl-fullWidth-129"
        style={
          Object {
            "marginBottom": 8,
          }
        }
      >
        <label
          className="MuiFormLabel-root-135 MuiInputLabel-root-130 MuiInputLabel-formControl-131 MuiInputLabel-animated-134 MuiInputLabel-marginDense-132"
          data-shrink={false}
          htmlFor={undefined}
        >
          Email Address
        </label>
        <div
          className="MuiInput-root-142 MuiInput-fullWidth-149 MuiInput-formControl-143 MuiInput-underline-146"
        >
          <input
            aria-invalid={false}
            autoComplete={undefined}
            autoFocus={undefined}
            className="MuiInput-input-150 MuiInput-inputType-153 MuiInput-inputMarginDense-151"
            defaultValue={undefined}
            disabled={false}
            id={undefined}
            name="registerEmail"
            onBlur={[Function]}
            onChange={[Function]}
            onFocus={[Function]}
            onKeyDown={undefined}
            onKeyUp={undefined}
            placeholder={undefined}
            readOnly={undefined}
            required={false}
            rows={undefined}
            type="email"
            value=""
          />
        </div>
        <p
          className="MuiFormHelperText-root-155 MuiFormHelperText-marginDense-158"
          id={undefined}
        >
           
        </p>
      </div>
      <div
        aria-describedby={undefined}
        className="MuiFormControl-root-126 MuiFormControl-marginDense-128 MuiFormControl-fullWidth-129"
      >
        <label
          className="MuiFormLabel-root-135 MuiInputLabel-root-130 MuiInputLabel-formControl-131 MuiInputLabel-animated-134 MuiInputLabel-marginDense-132"
          data-shrink={false}
          htmlFor={undefined}
        >
          Password
        </label>
        <div
          className="MuiInput-root-142 MuiInput-fullWidth-149 MuiInput-formControl-143 MuiInput-underline-146"
        >
          <input
            aria-invalid={false}
            autoComplete={undefined}
            autoFocus={undefined}
            className="MuiInput-input-150 MuiInput-inputType-153 MuiInput-inputMarginDense-151"
            defaultValue={undefined}
            disabled={false}
            id={undefined}
            name="registerPassword"
            onBlur={[Function]}
            onChange={[Function]}
            onFocus={[Function]}
            onKeyDown={undefined}
            onKeyUp={undefined}
            placeholder={undefined}
            readOnly={undefined}
            required={false}
            rows={undefined}
            type="password"
            value=""
          />
        </div>
        <p
          className="MuiFormHelperText-root-155 MuiFormHelperText-marginDense-158"
          id={undefined}
        >
           
        </p>
      </div>
      <div
        aria-describedby={undefined}
        className="MuiFormControl-root-126 MuiFormControl-marginDense-128 MuiFormControl-fullWidth-129"
      >
        <label
          className="MuiFormLabel-root-135 MuiInputLabel-root-130 MuiInputLabel-formControl-131 MuiInputLabel-animated-134 MuiInputLabel-marginDense-132"
          data-shrink={false}
          htmlFor={undefined}
        >
          Name
        </label>
        <div
          className="MuiInput-root-142 MuiInput-fullWidth-149 MuiInput-formControl-143 MuiInput-underline-146"
        >
          <input
            aria-invalid={false}
            autoComplete={undefined}
            autoFocus={undefined}
            className="MuiInput-input-150 MuiInput-inputType-153 MuiInput-inputMarginDense-151"
            defaultValue={undefined}
            disabled={false}
            id={undefined}
            name="registerName"
            onBlur={[Function]}
            onChange={[Function]}
            onFocus={[Function]}
            onKeyDown={undefined}
            onKeyUp={undefined}
            placeholder={undefined}
            readOnly={undefined}
            required={false}
            rows={undefined}
            type="name"
            value=""
          />
        </div>
        <p
          className="MuiFormHelperText-root-155 MuiFormHelperText-marginDense-158"
          id={undefined}
        >
           
        </p>
      </div>
      <p
        className="MuiTypography-root-99 MuiTypography-subheading-106 MuiDialogContentText-root-125"
      >
        <p
          className="MuiTypography-root-99 MuiTypography-body1-108"
          style={
            Object {
              "color": "#E53935",
            }
          }
        >
          
        </p>
      </p>
      <p
        className="MuiTypography-root-99 MuiTypography-subheading-106 MuiDialogContentText-root-125"
        style={
          Object {
            "marginTop": 8,
          }
        }
      >
        Have an account? 
        <span
          onClick={[MockFunction]}
          style={
            Object {
              "color": "#03a87c",
              "cursor": "pointer",
            }
          }
        >
          Login here
        </span>
      </p>
    </div>
    <div
      className="MuiDialogActions-root-162"
    >
      <button
        className="MuiButtonBase-root-190 MuiButton-root-164 MuiButton-text-166 MuiButton-textPrimary-167 MuiButton-flat-169 MuiButton-flatPrimary-170 MuiDialogActions-action-163"
        disabled={false}
        onBlur={[Function]}
        onClick={[MockFunction]}
        onFocus={[Function]}
        onKeyDown={[Function]}
        onKeyUp={[Function]}
        onMouseDown={[Function]}
        onMouseLeave={[Function]}
        onMouseUp={[Function]}
        onTouchEnd={[Function]}
        onTouchMove={[Function]}
        onTouchStart={[Function]}
        tabIndex="0"
        type="button"
      >
        <span
          className="MuiButton-label-165"
        >
          Cancel
        </span>
        <span
          className="MuiTouchRipple-root-193"
        />
      </button>
      <button
        className="MuiButtonBase-root-190 MuiButtonBase-disabled-191 MuiButton-root-164 MuiButton-text-166 MuiButton-textPrimary-167 MuiButton-flat-169 MuiButton-flatPrimary-170 MuiButton-disabled-184 MuiDialogActions-action-163"
        disabled={true}
        onBlur={[Function]}
        onFocus={[Function]}
        onKeyDown={[Function]}
        onKeyUp={[Function]}
        onMouseDown={[Function]}
        onMouseLeave={[Function]}
        onMouseUp={[Function]}
        onTouchEnd={[Function]}
        onTouchMove={[Function]}
        onTouchStart={[Function]}
        tabIndex="-1"
        type="submit"
      >
        <span
          className="MuiButton-label-165"
        >
          Register
        </span>
      </button>
    </div>
  </form>
</div>
`;
