// Jest Snapshot v1, https://goo.gl/fbAQLP

exports[`Header renders Header 1`] = `
<div
  className=""
  style={
    Object {
      "flexGrow": 1,
    }
  }
>
  <header
    className="MuiPaper-root-106 MuiPaper-elevation4-112 MuiAppBar-root-98 MuiAppBar-positionStatic-102 MuiAppBar-colorPrimary-104"
    style={
      Object {
        "backgroundColor": "white",
        "boxShadow": "none",
        "marginTop": "1%",
      }
    }
  >
    <div
      className="MuiToolbar-root-133 MuiToolbar-regular-135 MuiToolbar-gutters-134"
    >
      <div
        className=""
        style={
          Object {
            "flex": 1,
          }
        }
      />
      <div
        className=""
        style={
          Object {
            "flex": 1,
          }
        }
      >
        <h1
          className="MuiTypography-root-137 MuiTypography-display1-141 MuiTypography-colorInherit-156"
          style={
            Object {
              "textAlign": "center",
            }
          }
        >
          <a
            href="/"
            onClick={[Function]}
            style={
              Object {
                "color": "#333",
                "fontWeight": 600,
                "textDecoration": "none",
              }
            }
          >
            Hexanews
          </a>
        </h1>
      </div>
      <div
        className=""
        style={
          Object {
            "display": "flex",
            "flex": 1,
            "flexDirection": "row",
          }
        }
      >
        <div
          className=""
          style={
            Object {
              "display": "flex",
              "flex": 1,
              "flexDirection": "row",
            }
          }
        >
          <div
            className="MuiInput-root-167"
            style={
              Object {
                "marginRight": 16,
                "marginTop": 8,
              }
            }
          >
            <div
              className="MuiSelect-root-162"
            >
              <div
                aria-haspopup="true"
                aria-owns={null}
                aria-pressed="false"
                className="MuiSelect-select-163 MuiSelect-selectMenu-164 MuiInput-input-175"
                onBlur={[Function]}
                onClick={[Function]}
                onFocus={[Function]}
                onKeyDown={[Function]}
                role="button"
                tabIndex={0}
              >
                EN
              </div>
              <input
                autoComplete={undefined}
                autoFocus={undefined}
                defaultValue={undefined}
                id={undefined}
                name="language"
                onKeyDown={undefined}
                onKeyUp={undefined}
                placeholder={undefined}
                rows={undefined}
                type="hidden"
                value="en"
              />
              <svg
                aria-hidden="true"
                className="MuiSvgIcon-root-180 MuiSelect-icon-166"
                color={undefined}
                focusable="false"
                viewBox="0 0 24 24"
              >
                <path
                  d="M7 10l5 5 5-5z"
                />
              </svg>
            </div>
          </div>
          <h2
            className="MuiTypography-root-137 MuiTypography-title-143 MuiTypography-colorInherit-156"
            style={
              Object {
                "alignSelf": "center",
                "marginLeft": 8,
              }
            }
          >
            <span
              onClick={[Function]}
              style={
                Object {
                  "alignSelf": "center",
                  "color": "#333",
                  "cursor": "pointer",
                  "marginRight": 24,
                  "textDecoration": "none",
                }
              }
            >
              Sign In
            </span>
          </h2>
          <button
            aria-label="Search"
            className="MuiButtonBase-root-197 MuiIconButton-root-191"
            disabled={false}
            onBlur={[Function]}
            onClick={[Function]}
            onFocus={[Function]}
            onKeyDown={[Function]}
            onKeyUp={[Function]}
            onMouseDown={[Function]}
            onMouseLeave={[Function]}
            onMouseUp={[Function]}
            onTouchEnd={[Function]}
            onTouchMove={[Function]}
            onTouchStart={[Function]}
            style={
              Object {
                "marginLeft": -12,
                "marginRight": 20,
              }
            }
            tabIndex="0"
            type="button"
          >
            <span
              className="MuiIconButton-label-196"
            >
              <svg
                aria-hidden="true"
                className="MuiSvgIcon-root-180"
                color={undefined}
                focusable="false"
                style={
                  Object {
                    "color": "rgb(51, 51, 51)",
                  }
                }
                viewBox="0 0 24 24"
              >
                <path
                  d="M15.5 14h-.79l-.28-.27C15.41 12.59 16 11.11 16 9.5 16 5.91 13.09 3 9.5 3S3 5.91 3 9.5 5.91 16 9.5 16c1.61 0 3.09-.59 4.23-1.57l.27.28v.79l5 4.99L20.49 19l-4.99-5zm-6 0C7.01 14 5 11.99 5 9.5S7.01 5 9.5 5 14 7.01 14 9.5 11.99 14 9.5 14z"
                />
                <path
                  d="M0 0h24v24H0z"
                  fill="none"
                />
              </svg>
            </span>
            <span
              className="MuiTouchRipple-root-200"
            />
          </button>
        </div>
      </div>
    </div>
  </header>
</div>
`;

exports[`Header renders Header with isLoggedIn true 1`] = `
<div
  className=""
  style={
    Object {
      "flexGrow": 1,
    }
  }
>
  <header
    className="MuiPaper-root-106 MuiPaper-elevation4-112 MuiAppBar-root-98 MuiAppBar-positionStatic-102 MuiAppBar-colorPrimary-104"
    style={
      Object {
        "backgroundColor": "white",
        "boxShadow": "none",
        "marginTop": "1%",
      }
    }
  >
    <div
      className="MuiToolbar-root-133 MuiToolbar-regular-135 MuiToolbar-gutters-134"
    >
      <div
        className=""
        style={
          Object {
            "flex": 1,
          }
        }
      />
      <div
        className=""
        style={
          Object {
            "flex": 1,
          }
        }
      >
        <h1
          className="MuiTypography-root-137 MuiTypography-display1-141 MuiTypography-colorInherit-156"
          style={
            Object {
              "textAlign": "center",
            }
          }
        >
          <a
            href="/"
            onClick={[Function]}
            style={
              Object {
                "color": "#333",
                "fontWeight": 600,
                "textDecoration": "none",
              }
            }
          >
            Hexanews
          </a>
        </h1>
      </div>
      <div
        className=""
        style={
          Object {
            "display": "flex",
            "flex": 1,
            "flexDirection": "row",
          }
        }
      >
        <div
          className=""
          style={
            Object {
              "display": "flex",
              "flex": 1,
              "flexDirection": "row",
            }
          }
        >
          <div
            className="MuiInput-root-167"
            style={
              Object {
                "marginRight": 16,
                "marginTop": 8,
              }
            }
          >
            <div
              className="MuiSelect-root-162"
            >
              <div
                aria-haspopup="true"
                aria-owns={null}
                aria-pressed="false"
                className="MuiSelect-select-163 MuiSelect-selectMenu-164 MuiInput-input-175"
                onBlur={[Function]}
                onClick={[Function]}
                onFocus={[Function]}
                onKeyDown={[Function]}
                role="button"
                tabIndex={0}
              >
                EN
              </div>
              <input
                autoComplete={undefined}
                autoFocus={undefined}
                defaultValue={undefined}
                id={undefined}
                name="language"
                onKeyDown={undefined}
                onKeyUp={undefined}
                placeholder={undefined}
                rows={undefined}
                type="hidden"
                value="en"
              />
              <svg
                aria-hidden="true"
                className="MuiSvgIcon-root-180 MuiSelect-icon-166"
                color={undefined}
                focusable="false"
                viewBox="0 0 24 24"
              >
                <path
                  d="M7 10l5 5 5-5z"
                />
              </svg>
            </div>
          </div>
          <h2
            className="MuiTypography-root-137 MuiTypography-title-143 MuiTypography-colorInherit-156"
            style={
              Object {
                "alignSelf": "center",
                "marginLeft": 8,
              }
            }
          >
            <span
              onClick={[Function]}
              style={
                Object {
                  "alignSelf": "center",
                  "color": "#333",
                  "cursor": "pointer",
                  "marginRight": 24,
                  "textDecoration": "none",
                }
              }
            >
              Sign In
            </span>
          </h2>
          <button
            aria-label="Search"
            className="MuiButtonBase-root-197 MuiIconButton-root-191"
            disabled={false}
            onBlur={[Function]}
            onClick={[Function]}
            onFocus={[Function]}
            onKeyDown={[Function]}
            onKeyUp={[Function]}
            onMouseDown={[Function]}
            onMouseLeave={[Function]}
            onMouseUp={[Function]}
            onTouchEnd={[Function]}
            onTouchMove={[Function]}
            onTouchStart={[Function]}
            style={
              Object {
                "marginLeft": -12,
                "marginRight": 20,
              }
            }
            tabIndex="0"
            type="button"
          >
            <span
              className="MuiIconButton-label-196"
            >
              <svg
                aria-hidden="true"
                className="MuiSvgIcon-root-180"
                color={undefined}
                focusable="false"
                style={
                  Object {
                    "color": "rgb(51, 51, 51)",
                  }
                }
                viewBox="0 0 24 24"
              >
                <path
                  d="M15.5 14h-.79l-.28-.27C15.41 12.59 16 11.11 16 9.5 16 5.91 13.09 3 9.5 3S3 5.91 3 9.5 5.91 16 9.5 16c1.61 0 3.09-.59 4.23-1.57l.27.28v.79l5 4.99L20.49 19l-4.99-5zm-6 0C7.01 14 5 11.99 5 9.5S7.01 5 9.5 5 14 7.01 14 9.5 11.99 14 9.5 14z"
                />
                <path
                  d="M0 0h24v24H0z"
                  fill="none"
                />
              </svg>
            </span>
            <span
              className="MuiTouchRipple-root-200"
            />
          </button>
        </div>
      </div>
    </div>
  </header>
</div>
`;
