// Jest Snapshot v1, https://goo.gl/fbAQLP

exports[`Category Header renders Category Header 1`] = `
<div
  style={
    Object {
      "flexGrow": 1,
      "overflow": "auto",
    }
  }
>
  <header
    className="MuiPaper-root-9 MuiPaper-elevation4-15 MuiAppBar-root-1 MuiAppBar-positionStatic-5 MuiAppBar-colorPrimary-7"
    style={
      Object {
        "alignItems": "center",
        "backgroundColor": "white",
        "boxShadow": "none",
        "paddingRight": 18,
      }
    }
  >
    <div
      className="MuiToolbar-root-36 MuiToolbar-regular-38 MuiToolbar-gutters-37"
    />
  </header>
</div>
`;
