// Jest Snapshot v1, https://goo.gl/fbAQLP

exports[`Category Header renders Category Header 1`] = `
<div
  className=""
  style={
    Object {
      "flexGrow": 1,
      "overflow": "auto",
    }
  }
>
  <header
    className="MuiPaper-root-106 MuiPaper-elevation4-112 MuiAppBar-root-98 MuiAppBar-positionStatic-102 MuiAppBar-colorPrimary-104"
    style={
      Object {
        "alignItems": "center",
        "backgroundColor": "white",
        "boxShadow": "none",
        "paddingRight": 18,
      }
    }
  >
    <div
      className="MuiToolbar-root-133 MuiToolbar-regular-135 MuiToolbar-gutters-134"
    />
  </header>
</div>
`;
