// Jest Snapshot v1, https://goo.gl/fbAQLP

exports[`Article Card renders Article Card 1`] = `
<div
  className=""
  id="article-def"
  onClick={[Function]}
  style={
    Object {
      "cursor": "pointer",
      "flexGrow": 1,
    }
  }
>
  <div
    className="MuiPaper-root-99 MuiPaper-elevation1-102 MuiPaper-rounded-100 MuiCard-root-98"
    style={
      Object {
        "boxShadow": "0px 0.25px 0.35px 0.35px rgba(0, 0, 0, 0.1)",
        "maxWidth": 385,
      }
    }
  >
    <div
      className="MuiCardMedia-root-126"
      src={undefined}
      style={
        Object {
          "height": 0,
          "paddingTop": "56.25%",
        }
      }
    />
    <div
      className="MuiCardContent-root-128"
    >
      <h3
        className="MuiTypography-root-129 MuiTypography-headline-134 MuiTypography-gutterBottom-146"
        style={
          Object {
            "fontWeight": "bold",
          }
        }
      >
        def
      </h3>
      <p
        className="MuiTypography-root-129 MuiTypography-body1-138"
        style={
          Object {
            "marginTop": 14,
          }
        }
      >
        tim
      </p>
      <p
        className="MuiTypography-root-129 MuiTypography-body1-138 MuiTypography-colorTextSecondary-152"
        style={
          Object {
            "marginTop": 2,
          }
        }
      >
        1 October 2018
      </p>
    </div>
  </div>
</div>
`;
