// Jest Snapshot v1, https://goo.gl/fbAQLP

exports[`Popular Article Row renders Popular Article Row 1`] = `
<div
  onClick={[Function]}
  style={
    Object {
      "cursor": "pointer",
      "marginTop": 24,
    }
  }
>
  <h3
    className="MuiTypography-root-1 MuiTypography-subheading-8"
  >
    def
  </h3>
  <p
    className="MuiTypography-root-1 MuiTypography-body1-10 MuiTypography-colorTextSecondary-24"
    style={
      Object {
        "marginTop": 4,
      }
    }
  >
    Hillary Clinton
  </p>
</div>
`;
