// Jest Snapshot v1, https://goo.gl/fbAQLP

exports[`Popular Article Row renders Popular Article Row 1`] = `
<div
  className=""
  onClick={[Function]}
  style={
    Object {
      "cursor": "pointer",
      "marginTop": 24,
    }
  }
>
  <p
    className="MuiTypography-root-98 MuiTypography-body1-107"
    style={
      Object {
        "fontWeight": "bold",
      }
    }
  >
    def
  </p>
  <p
    className="MuiTypography-root-98 MuiTypography-body1-107 MuiTypography-colorTextSecondary-121"
    style={
      Object {
        "marginTop": 4,
      }
    }
  >
    tim
  </p>
</div>
`;
