// Jest Snapshot v1, https://goo.gl/fbAQLP

exports[`Profile Card renders Profile Card 1`] = `
<div
  className=""
>
  <div
    className="MuiPaper-root-99 MuiPaper-elevation1-102 MuiPaper-rounded-100 MuiCard-root-98"
    style={
      Object {
        "boxShadow": "0px 0px 0px 0px rgba(0, 0, 0, 0.2)",
        "display": "flex",
      }
    }
  >
    <div
      className=""
      style={
        Object {
          "display": "flex",
          "flex": 4,
          "flexDirection": "column",
        }
      }
    >
      <div
        className="MuiCardContent-root-126"
        style={
          Object {
            "flex": "1 0 auto",
          }
        }
      >
        <h1
          className="MuiTypography-root-127 MuiTypography-display1-131"
        >
          test
        </h1>
        <p
          className="MuiTypography-root-127 MuiTypography-body1-136"
          style={
            Object {
              "marginLeft": 4,
              "marginTop": 4,
            }
          }
        >
          desc
        </p>
        <p
          className="MuiTypography-root-127 MuiTypography-body1-136"
          style={
            Object {
              "color": "gray",
              "fontSize": 12,
              "marginTop": 12,
            }
          }
        >
          Hexanews member since Invalid date
        </p>
      </div>
    </div>
    <div
      className=""
      style={
        Object {
          "alignItems": "center",
          "display": "flex",
          "flex": 1,
          "justifyContent": "center",
        }
      }
    >
      <div
        className="MuiCardMedia-root-152"
        src={undefined}
        style={
          Object {
            "backgroundImage": "url(\\"test\\")",
            "borderRadius": "50%",
            "height": 100,
            "width": 100,
          }
        }
      />
    </div>
  </div>
</div>
`;
