// Jest Snapshot v1, https://goo.gl/fbAQLP

exports[`Edit Article renders Edit Article 1`] = `
<div
  className=""
  style={
    Object {
      "marginTop": "17%",
      "textAlign": "center",
    }
  }
>
  <h1
    className="MuiTypography-root-98 MuiTypography-display1-102 MuiTypography-colorTextPrimary-120"
    style={
      Object {
        "fontSize": 128,
      }
    }
  >
    404
  </h1>
  <h1
    className="MuiTypography-root-98 MuiTypography-body1-107 MuiTypography-colorTextPrimary-120"
    style={
      Object {
        "fontSize": 32,
        "marginBottom": 24,
      }
    }
  >
    There is no page here.
  </h1>
  <button
    className="MuiButtonBase-root-149 MuiButton-root-123 MuiButton-text-125 MuiButton-outlined-131 MuiButton-sizeLarge-147"
    disabled={false}
    id="backHomeButton"
    onBlur={[Function]}
    onClick={[Function]}
    onFocus={[Function]}
    onKeyDown={[Function]}
    onKeyUp={[Function]}
    onMouseDown={[Function]}
    onMouseLeave={[Function]}
    onMouseUp={[Function]}
    onTouchEnd={[Function]}
    onTouchMove={[Function]}
    onTouchStart={[Function]}
    tabIndex="0"
    type="button"
  >
    <span
      className="MuiButton-label-124"
    >
      Back to home
    </span>
    <span
      className="MuiTouchRipple-root-152"
    />
  </button>
</div>
`;
