// Jest Snapshot v1, https://goo.gl/fbAQLP

exports[`Category renders Category component 1`] = `
<div
  style={
    Object {
      "padding": "5%",
      "paddingLeft": "5%",
      "paddingTop": "0%",
    }
  }
>
  <div
    style={
      Object {
        "flexGrow": 1,
        "overflow": "auto",
      }
    }
  >
    <header
      className="MuiPaper-root-9 MuiPaper-elevation4-15 MuiAppBar-root-1 MuiAppBar-positionStatic-5 MuiAppBar-colorPrimary-7"
      style={
        Object {
          "alignItems": "center",
          "backgroundColor": "white",
          "boxShadow": "none",
          "paddingRight": 18,
        }
      }
    >
      <div
        className="MuiToolbar-root-36 MuiToolbar-regular-38 MuiToolbar-gutters-37"
      >
        <span
          className="MuiTypography-root-40 MuiTypography-button-51 MuiTypography-colorPrimary-60"
          style={
            Object {
              "flexGrow": 1,
            }
          }
        >
          <a
            href="/category/technology"
            onClick={[Function]}
            style={
              Object {
                "color": "#333",
                "marginLeft": 24,
                "textDecoration": "none",
              }
            }
          >
            TECHNOLOGY
          </a>
        </span>
        <span
          className="MuiTypography-root-40 MuiTypography-button-51 MuiTypography-colorPrimary-60"
          style={
            Object {
              "flexGrow": 1,
            }
          }
        >
          <a
            href="/category/science"
            onClick={[Function]}
            style={
              Object {
                "color": "#333",
                "marginLeft": 24,
                "textDecoration": "none",
              }
            }
          >
            SCIENCE
          </a>
        </span>
        <span
          className="MuiTypography-root-40 MuiTypography-button-51 MuiTypography-colorPrimary-60"
          style={
            Object {
              "flexGrow": 1,
            }
          }
        >
          <a
            href="/category/art"
            onClick={[Function]}
            style={
              Object {
                "color": "#333",
                "marginLeft": 24,
                "textDecoration": "none",
              }
            }
          >
            ART
          </a>
        </span>
        <span
          className="MuiTypography-root-40 MuiTypography-button-51 MuiTypography-colorPrimary-60"
          style={
            Object {
              "flexGrow": 1,
            }
          }
        >
          <a
            href="/category/design"
            onClick={[Function]}
            style={
              Object {
                "color": "#333",
                "marginLeft": 24,
                "textDecoration": "none",
              }
            }
          >
            DESIGN
          </a>
        </span>
        <span
          className="MuiTypography-root-40 MuiTypography-button-51 MuiTypography-colorPrimary-60"
          style={
            Object {
              "flexGrow": 1,
            }
          }
        >
          <a
            href="/category/culture"
            onClick={[Function]}
            style={
              Object {
                "color": "#333",
                "marginLeft": 24,
                "textDecoration": "none",
              }
            }
          >
            CULTURE
          </a>
        </span>
        <span
          className="MuiTypography-root-40 MuiTypography-button-51 MuiTypography-colorPrimary-60"
          style={
            Object {
              "flexGrow": 1,
            }
          }
        >
          <a
            href="/category/photography"
            onClick={[Function]}
            style={
              Object {
                "color": "#333",
                "marginLeft": 24,
                "textDecoration": "none",
              }
            }
          >
            PHOTOGRAPHY
          </a>
        </span>
        <span
          className="MuiTypography-root-40 MuiTypography-button-51 MuiTypography-colorPrimary-60"
          style={
            Object {
              "flexGrow": 1,
            }
          }
        >
          <a
            href="/category/leadership"
            onClick={[Function]}
            style={
              Object {
                "color": "#333",
                "marginLeft": 24,
                "textDecoration": "none",
              }
            }
          >
            LEADERSHIP
          </a>
        </span>
        <span
          className="MuiTypography-root-40 MuiTypography-button-51 MuiTypography-colorPrimary-60"
          style={
            Object {
              "flexGrow": 1,
            }
          }
        >
          <a
            href="/category/math"
            onClick={[Function]}
            style={
              Object {
                "color": "#333",
                "marginLeft": 24,
                "textDecoration": "none",
              }
            }
          >
            MATH
          </a>
        </span>
        <span
          className="MuiTypography-root-40 MuiTypography-button-51 MuiTypography-colorPrimary-60"
          style={
            Object {
              "flexGrow": 1,
            }
          }
        >
          <a
            href="/category/economy"
            onClick={[Function]}
            style={
              Object {
                "color": "#333",
                "marginLeft": 24,
                "textDecoration": "none",
              }
            }
          >
            ECONOMY
          </a>
        </span>
        <span
          className="MuiTypography-root-40 MuiTypography-button-51 MuiTypography-colorPrimary-60"
          style={
            Object {
              "flexGrow": 1,
            }
          }
        >
          <a
            href="/category/music"
            onClick={[Function]}
            style={
              Object {
                "color": "#333",
                "marginLeft": 24,
                "textDecoration": "none",
              }
            }
          >
            MUSIC
          </a>
        </span>
        <span
          className="MuiTypography-root-40 MuiTypography-button-51 MuiTypography-colorPrimary-60"
          style={
            Object {
              "flexGrow": 1,
            }
          }
        >
          <a
            href="/categories"
            onClick={[Function]}
            style={
              Object {
                "color": "#333",
                "marginLeft": 24,
                "textDecoration": "none",
              }
            }
          >
            MORE
          </a>
        </span>
      </div>
    </header>
  </div>
  <div
    className="MuiGrid-container-65"
    style={
      Object {
        "flexDirection": "column",
        "marginLeft": "2%",
        "marginTop": "2%",
      }
    }
  >
    <h1
      className="MuiTypography-root-40 MuiTypography-headline-45 MuiTypography-gutterBottom-57"
    >
      technology
    </h1>
    <h2
      className="MuiTypography-root-40 MuiTypography-subheading-47 MuiTypography-gutterBottom-57"
    >
      Behind the scenes
    </h2>
  </div>
  <div
    className="MuiGrid-container-65 MuiGrid-spacing-xs-24-89"
  >
    <div
      className="MuiGrid-item-66 MuiGrid-grid-xs-12-105 MuiGrid-grid-md-8-129"
      style={
        Object {
          "marginRight": 2,
        }
      }
    >
      <div
        onClick={[Function]}
        style={
          Object {
            "cursor": "pointer",
            "marginTop": 24,
          }
        }
      >
        <div
          className="MuiPaper-root-9 MuiPaper-elevation1-12 MuiPaper-rounded-10 MuiCard-root-162"
          style={
            Object {
              "boxShadow": "0px 0.5px 0px 0px rgba(0, 0, 0, 0.2)",
              "display": "flex",
            }
          }
        >
          <div
            style={
              Object {
                "display": "flex",
                "flex": 4,
                "flexDirection": "column",
              }
            }
          >
            <div
              className="MuiCardContent-root-163"
              style={
                Object {
                  "flex": "1 0 auto",
                }
              }
            >
              <h2
                className="MuiTypography-root-40 MuiTypography-title-46"
                style={
                  Object {
                    "fontWeight": "bold",
                    "marginBottom": 8,
                  }
                }
              >
                abc
              </h2>
              <p
                className="MuiTypography-root-40 MuiTypography-body1-49"
              >
                test
              </p>
              <p
                className="MuiTypography-root-40 MuiTypography-body1-49"
                style={
                  Object {
                    "marginTop": 28,
                  }
                }
              >
                
              </p>
              <p
                className="MuiTypography-root-40 MuiTypography-body1-49 MuiTypography-colorTextSecondary-63"
                style={
                  Object {
                    "marginTop": 2,
                  }
                }
              >
                13 September 2018
              </p>
            </div>
          </div>
          <div
            style={
              Object {
                "display": "flex",
                "flex": 1,
                "justifyContent": "flex-end",
              }
            }
          />
        </div>
      </div>
    </div>
  </div>
</div>
`;
